// Jest Snapshot v1, https://goo.gl/fbAQLP

exports[`<Footer /> renders correctly 1`] = `
<DocumentFragment>
  <div
    class="container footer"
    data-testid="home-footer"
  >
    <div
      class="max-w-mobile"
    >
      <i>
        <small>
          This is a demo application. All data displayed is fictitious.
        </small>
      </i>
    </div>
  </div>
</DocumentFragment>
`;
